<!doctype html>
<html amp lang="en">
  <head>
    <meta charset="utf-8">
    <script async src="https://cdn.ampproject.org/v0.js"></script>
    <script async custom-element="amp-access" src="https://cdn.ampproject.org/v0/amp-access-latest.js"></script>
    <script async custom-element="amp-analytics" src="https://cdn.ampproject.org/v0/amp-analytics-latest.js"></script>
    <title>Hello, amphtml-import-tags!</title>
    <link rel="canonical" href="http://example.ampproject.org/article-metadata.html">
    <meta name="viewport" content="width=device-width,minimum-scale=1,initial-scale=1">

    <script id="amp-access" type="application/json">
    {
      "authorization":
          "https://pub.com/amp-access?rid=READER_ID&url=SOURCE_URL",
      "pingback":
          "https://pub.com/amp-ping?rid=READER_ID&url=SOURCE_URL",
      "login":
          "https://pub.com/amp-login?rid=READER_ID&url=SOURCE_URL",
      "authorizationFallbackResponse": {"error": true}
    }
    </script>

    <style amp-boilerplate>body{-webkit-animation:-amp-start 8s steps(1,end) 0s 1 normal both;-moz-animation:-amp-start 8s steps(1,end) 0s 1 normal both;-ms-animation:-amp-start 8s steps(1,end) 0s 1 normal both;animation:-amp-start 8s steps(1,end) 0s 1 normal both}@-webkit-keyframes -amp-start{from{visibility:hidden}to{visibility:visible}}@-moz-keyframes -amp-start{from{visibility:hidden}to{visibility:visible}}@-ms-keyframes -amp-start{from{visibility:hidden}to{visibility:visible}}@-o-keyframes -amp-start{from{visibility:hidden}to{visibility:visible}}@keyframes -amp-start{from{visibility:hidden}to{visibility:visible}}</style><noscript><style amp-boilerplate>body{-webkit-animation:none;-moz-animation:none;-ms-animation:none;animation:none}</style></noscript>
  </head>
  <body>
    <h1>Welcome to amphtml-import-tags!</h1>
  </body>
</html>